\BOOKMARK [0][-]{chapter*.2}{\376\377\000R\000\351\000s\000u\000m\000\351}{}% 1
\BOOKMARK [0][-]{chapter*.3}{\376\377\000A\000b\000s\000t\000r\000a\000c\000t}{}% 2
\BOOKMARK [0][-]{chapter*.4}{\376\377\000D\000\351\000d\000i\000c\000a\000c\000e}{}% 3
\BOOKMARK [0][-]{chapter*.5}{\376\377\000R\000e\000m\000e\000r\000c\000i\000e\000m\000e\000n\000t\000s}{}% 4
\BOOKMARK [0][-]{chapter*.6}{\376\377\000L\000i\000s\000t\000e\000\040\000d\000e\000s\000\040\000a\000b\000r\000\351\000v\000i\000a\000t\000i\000o\000n\000s}{}% 5
\BOOKMARK [0][-]{chapter*.7}{\376\377\000I\000n\000t\000r\000o\000d\000u\000c\000t\000i\000o\000n\000\040\000g\000\351\000n\000\351\000r\000a\000l\000e}{}% 6
\BOOKMARK [0][-]{chapter.1}{\376\377\000\311\000t\000u\000d\000e\000\040\000P\000r\000\351\000a\000l\000a\000b\000l\000e}{}% 7
\BOOKMARK [1][-]{section*.8}{\376\377\000I\000n\000t\000r\000o\000d\000u\000c\000t\000i\000o\000n}{chapter.1}% 8
\BOOKMARK [1][-]{section.1.1}{\376\377\000P\000r\000\351\000s\000e\000n\000t\000a\000t\000i\000o\000n\000\040\000d\000e\000\040\000L\000i\000n\000S\000o\000f\000t}{chapter.1}% 9
\BOOKMARK [1][-]{section.1.2}{\376\377\000P\000r\000o\000b\000l\000\351\000m\000a\000t\000i\000q\000u\000e}{chapter.1}% 10
\BOOKMARK [1][-]{section.1.3}{\376\377\000\311\000t\000u\000d\000e\000\040\000d\000e\000\040\000l\000'\000e\000x\000i\000s\000t\000a\000n\000t}{chapter.1}% 11
\BOOKMARK [2][-]{subsection.1.3.1}{\376\377\000L\000e\000\040\000s\000y\000s\000t\000\350\000m\000e\000\040\000a\000c\000t\000u\000e\000l\000\040\000d\000e\000\040\000L\000i\000n\000S\000o\000f\000t}{section.1.3}% 12
\BOOKMARK [2][-]{subsection.1.3.2}{\376\377\000A\000n\000a\000l\000y\000s\000e\000\040\000d\000e\000s\000\040\000s\000o\000l\000u\000t\000i\000o\000n\000s\000\040\000d\000u\000\040\000m\000a\000r\000c\000h\000\351}{section.1.3}% 13
\BOOKMARK [2][-]{subsection.1.3.3}{\376\377\000S\000y\000n\000t\000h\000\350\000s\000e\000\040\000d\000e\000s\000\040\000b\000e\000s\000o\000i\000n\000s\000\040\000i\000d\000e\000n\000t\000i\000f\000i\000\351\000s}{section.1.3}% 14
\BOOKMARK [1][-]{section.1.4}{\376\377\000S\000o\000l\000u\000t\000i\000o\000n\000\040\000p\000r\000o\000p\000o\000s\000\351\000e}{chapter.1}% 15
\BOOKMARK [2][-]{subsection.1.4.1}{\376\377\000V\000i\000s\000i\000o\000n\000\040\000g\000\351\000n\000\351\000r\000a\000l\000e}{section.1.4}% 16
\BOOKMARK [2][-]{subsection.1.4.2}{\376\377\000M\000i\000c\000r\000o\000s\000e\000r\000v\000i\000c\000e\000s\000\040\000d\000e\000\040\000l\000a\000\040\000p\000l\000a\000t\000e\000f\000o\000r\000m\000e}{section.1.4}% 17
\BOOKMARK [2][-]{subsection.1.4.3}{\376\377\000M\000\351\000t\000h\000o\000d\000o\000l\000o\000g\000i\000e\000\040\000d\000e\000\040\000d\000\351\000v\000e\000l\000o\000p\000p\000e\000m\000e\000n\000t}{section.1.4}% 18
\BOOKMARK [1][-]{section.1.5}{\376\377\000E\000n\000v\000i\000r\000o\000n\000n\000e\000m\000e\000n\000t\000\040\000d\000e\000\040\000t\000r\000a\000v\000a\000i\000l}{chapter.1}% 19
\BOOKMARK [2][-]{subsection.1.5.1}{\376\377\000E\000n\000v\000i\000r\000o\000n\000n\000e\000m\000e\000n\000t\000\040\000m\000a\000t\000\351\000r\000i\000e\000l}{section.1.5}% 20
\BOOKMARK [2][-]{subsection.1.5.2}{\376\377\000E\000n\000v\000i\000r\000o\000n\000n\000e\000m\000e\000n\000t\000\040\000l\000o\000g\000i\000c\000i\000e\000l}{section.1.5}% 21
\BOOKMARK [1][-]{table.caption.18}{\376\377\000C\000o\000n\000c\000l\000u\000s\000i\000o\000n}{chapter.1}% 22
\BOOKMARK [0][-]{chapter.2}{\376\377\000S\000p\000\351\000c\000i\000f\000i\000c\000a\000t\000i\000o\000n\000\040\000d\000e\000s\000\040\000B\000e\000s\000o\000i\000n\000s}{}% 23
\BOOKMARK [1][-]{section*.19}{\376\377\000I\000n\000t\000r\000o\000d\000u\000c\000t\000i\000o\000n}{chapter.2}% 24
\BOOKMARK [1][-]{section.2.1}{\376\377\000I\000d\000e\000n\000t\000i\000f\000i\000c\000a\000t\000i\000o\000n\000\040\000d\000e\000s\000\040\000a\000c\000t\000e\000u\000r\000s}{chapter.2}% 25
\BOOKMARK [1][-]{section.2.2}{\376\377\000B\000e\000s\000o\000i\000n\000s\000\040\000f\000o\000n\000c\000t\000i\000o\000n\000n\000e\000l\000s}{chapter.2}% 26
\BOOKMARK [2][-]{subsection.2.2.1}{\376\377\000A\000u\000t\000h\000e\000n\000t\000i\000f\000i\000c\000a\000t\000i\000o\000n\000\040\000e\000t\000\040\000g\000e\000s\000t\000i\000o\000n\000\040\000d\000e\000s\000\040\000c\000o\000m\000p\000t\000e\000s}{section.2.2}% 27
\BOOKMARK [2][-]{subsection.2.2.2}{\376\377\000G\000e\000s\000t\000i\000o\000n\000\040\000d\000e\000s\000\040\000\351\000v\000\351\000n\000e\000m\000e\000n\000t\000s}{section.2.2}% 28
\BOOKMARK [2][-]{subsection.2.2.3}{\376\377\000G\000e\000s\000t\000i\000o\000n\000\040\000d\000e\000s\000\040\000i\000n\000s\000c\000r\000i\000p\000t\000i\000o\000n\000s}{section.2.2}% 29
\BOOKMARK [2][-]{subsection.2.2.4}{\376\377\000N\000o\000t\000i\000f\000i\000c\000a\000t\000i\000o\000n\000s\000\040\000a\000u\000t\000o\000m\000a\000t\000i\000s\000\351\000e\000s}{section.2.2}% 30
\BOOKMARK [2][-]{subsection.2.2.5}{\376\377\000T\000a\000b\000l\000e\000a\000u\000\040\000d\000e\000\040\000b\000o\000r\000d\000\040\000a\000n\000a\000l\000y\000t\000i\000q\000u\000e}{section.2.2}% 31
\BOOKMARK [2][-]{subsection.2.2.6}{\376\377\000G\000e\000s\000t\000i\000o\000n\000\040\000d\000e\000s\000\040\000c\000h\000a\000r\000g\000e\000s\000\040\000e\000t\000\040\000p\000r\000\351\000d\000i\000c\000t\000i\000o\000n\000\040\000d\000e\000s\000\040\000c\000o\000\373\000t\000s}{section.2.2}% 32
\BOOKMARK [1][-]{section.2.3}{\376\377\000B\000e\000s\000o\000i\000n\000s\000\040\000n\000o\000n\000-\000f\000o\000n\000c\000t\000i\000o\000n\000n\000e\000l\000s}{chapter.2}% 33
\BOOKMARK [1][-]{section.2.4}{\376\377\000D\000i\000a\000g\000r\000a\000m\000m\000e\000s\000\040\000d\000e\000\040\000c\000a\000s\000\040\000d\000'\000u\000t\000i\000l\000i\000s\000a\000t\000i\000o\000n}{chapter.2}% 34
\BOOKMARK [2][-]{subsection.2.4.1}{\376\377\000V\000u\000e\000\040\000g\000l\000o\000b\000a\000l\000e}{section.2.4}% 35
\BOOKMARK [2][-]{subsection.2.4.2}{\376\377\000Z\000o\000o\000m\000\040\000s\000u\000r\000\040\000l\000e\000\040\000c\000h\000a\000r\000g\000e\000s\000-\000s\000e\000r\000v\000i\000c\000e}{section.2.4}% 36
\BOOKMARK [1][-]{section.2.5}{\376\377\000D\000i\000a\000g\000r\000a\000m\000m\000e\000\040\000d\000e\000\040\000c\000l\000a\000s\000s\000e\000s}{chapter.2}% 37
\BOOKMARK [1][-]{figure.caption.28}{\376\377\000C\000o\000n\000c\000l\000u\000s\000i\000o\000n}{chapter.2}% 38
\BOOKMARK [0][-]{chapter.3}{\376\377\000C\000o\000n\000c\000e\000p\000t\000i\000o\000n}{}% 39
\BOOKMARK [1][-]{section*.29}{\376\377\000I\000n\000t\000r\000o\000d\000u\000c\000t\000i\000o\000n}{chapter.3}% 40
\BOOKMARK [1][-]{section.3.1}{\376\377\000A\000r\000c\000h\000i\000t\000e\000c\000t\000u\000r\000e\000\040\000g\000l\000o\000b\000a\000l\000e}{chapter.3}% 41
\BOOKMARK [2][-]{subsection.3.1.1}{\376\377\000J\000u\000s\000t\000i\000f\000i\000c\000a\000t\000i\000o\000n\000\040\000d\000e\000s\000\040\000c\000h\000o\000i\000x\000\040\000t\000e\000c\000h\000n\000o\000l\000o\000g\000i\000q\000u\000e\000s}{section.3.1}% 42
\BOOKMARK [1][-]{section.3.2}{\376\377\000S\000t\000r\000a\000t\000\351\000g\000i\000e\000\040\000d\000e\000\040\000c\000o\000m\000m\000u\000n\000i\000c\000a\000t\000i\000o\000n}{chapter.3}% 43
\BOOKMARK [2][-]{subsection.3.2.1}{\376\377\000C\000o\000m\000m\000u\000n\000i\000c\000a\000t\000i\000o\000n\000\040\000s\000y\000n\000c\000h\000r\000o\000n\000e\000\040\000:\000\040\000R\000E\000S\000T\000/\000H\000T\000T\000P}{section.3.2}% 44
\BOOKMARK [2][-]{subsection.3.2.2}{\376\377\000C\000o\000m\000m\000u\000n\000i\000c\000a\000t\000i\000o\000n\000\040\000a\000s\000y\000n\000c\000h\000r\000o\000n\000e\000\040\000:\000\040\000A\000p\000a\000c\000h\000e\000\040\000K\000a\000f\000k\000a}{section.3.2}% 45
\BOOKMARK [2][-]{subsection.3.2.3}{\376\377\000O\000r\000g\000a\000n\000i\000s\000a\000t\000i\000o\000n\000\040\000d\000e\000s\000\040\000t\000o\000p\000i\000c\000s\000\040\000K\000a\000f\000k\000a}{section.3.2}% 46
\BOOKMARK [1][-]{section.3.3}{\376\377\000S\000\351\000c\000u\000r\000i\000s\000a\000t\000i\000o\000n\000\040\000v\000i\000a\000\040\000K\000e\000y\000c\000l\000o\000a\000k}{chapter.3}% 47
\BOOKMARK [2][-]{subsection.3.3.1}{\376\377\000Q\000u\000'\000e\000s\000t\000-\000c\000e\000\040\000q\000u\000e\000\040\000K\000e\000y\000c\000l\000o\000a\000k\000\040\000?}{section.3.3}% 48
\BOOKMARK [2][-]{subsection.3.3.2}{\376\377\000L\000e\000\040\000J\000S\000O\000N\000\040\000W\000e\000b\000\040\000T\000o\000k\000e\000n\000\040\000\050\000J\000W\000T\000\051}{section.3.3}% 49
\BOOKMARK [2][-]{subsection.3.3.3}{\376\377\000C\000o\000n\000t\000r\000\364\000l\000e\000\040\000d\000'\000a\000c\000c\000\350\000s\000\040\000b\000a\000s\000\351\000\040\000s\000u\000r\000\040\000l\000e\000s\000\040\000r\000\364\000l\000e\000s\000\040\000\050\000R\000B\000A\000C\000\051}{section.3.3}% 50
\BOOKMARK [1][-]{section.3.4}{\376\377\000D\000i\000a\000g\000r\000a\000m\000m\000e\000s\000\040\000d\000e\000\040\000s\000\351\000q\000u\000e\000n\000c\000e}{chapter.3}% 51
\BOOKMARK [1][-]{section.3.5}{\376\377\000D\000i\000a\000g\000r\000a\000m\000m\000e\000s\000\040\000d\000'\000a\000c\000t\000i\000v\000i\000t\000\351}{chapter.3}% 52
\BOOKMARK [1][-]{section.3.6}{\376\377\000D\000i\000a\000g\000r\000a\000m\000m\000e\000\040\000d\000e\000\040\000c\000o\000m\000p\000o\000s\000a\000n\000t\000s}{chapter.3}% 53
\BOOKMARK [1][-]{section.3.7}{\376\377\000D\000i\000a\000g\000r\000a\000m\000m\000e\000\040\000d\000'\000o\000b\000j\000e\000t\000s}{chapter.3}% 54
\BOOKMARK [1][-]{figure.caption.39}{\376\377\000C\000o\000n\000c\000l\000u\000s\000i\000o\000n}{chapter.3}% 55
\BOOKMARK [0][-]{chapter.4}{\376\377\000R\000\351\000a\000l\000i\000s\000a\000t\000i\000o\000n}{}% 56
\BOOKMARK [1][-]{section*.40}{\376\377\000I\000n\000t\000r\000o\000d\000u\000c\000t\000i\000o\000n}{chapter.4}% 57
\BOOKMARK [1][-]{section.4.1}{\376\377\000I\000m\000p\000l\000\351\000m\000e\000n\000t\000a\000t\000i\000o\000n}{chapter.4}% 58
\BOOKMARK [2][-]{subsection.4.1.1}{\376\377\000A\000P\000I\000s\000\040\000R\000E\000S\000T\000\040\000d\000u\000\040\000c\000h\000a\000r\000g\000e\000s\000-\000s\000e\000r\000v\000i\000c\000e}{section.4.1}% 59
\BOOKMARK [2][-]{subsection.4.1.2}{\376\377\000M\000o\000d\000\350\000l\000e\000\040\000R\000a\000n\000d\000o\000m\000\040\000F\000o\000r\000e\000s\000t}{section.4.1}% 60
\BOOKMARK [1][-]{section.4.2}{\376\377\000V\000a\000l\000i\000d\000a\000t\000i\000o\000n\000\040\000p\000a\000r\000\040\000c\000a\000p\000t\000u\000r\000e\000s\000\040\000d\000'\000\351\000c\000r\000a\000n}{chapter.4}% 61
\BOOKMARK [1][-]{section.4.3}{\376\377\000D\000\351\000p\000l\000o\000i\000e\000m\000e\000n\000t\000\040\000s\000u\000r\000\040\000O\000p\000e\000n\000S\000h\000i\000f\000t}{chapter.4}% 62
\BOOKMARK [1][-]{figure.caption.44}{\376\377\000C\000o\000n\000c\000l\000u\000s\000i\000o\000n}{chapter.4}% 63
\BOOKMARK [0][-]{chapter*.45}{\376\377\000C\000o\000n\000c\000l\000u\000s\000i\000o\000n\000\040\000G\000\351\000n\000\351\000r\000a\000l\000e}{}% 64
